---
source: src/render.rs
expression: "str::from_utf8(&string).unwrap()"
---
{"url":"https://foo.com/","elements":[{"element":{"name":"a","attributes":[]},"results":[{"Ok":{"response":{"url":"https://foo.com/","status":200,"duration":0}}},{"Err":"foo"}]}],"metrics":{"success":1,"error":1}}
