---
source: src/render.rs
expression: "str::from_utf8(&string).unwrap()"
---

