---
source: src/render.rs
expression: "str::from_utf8(&string).unwrap()"
---
[33mhttps://foo.com/[0m
	a 
		[31mERROR[0m	foo
