---
source: src/render.rs
expression: "str::from_utf8(&string).unwrap()"
---
{"url":"https://foo.com/","elements":[{"element":{"name":"a","attributes":[]},"results":[{"Err":"foo"}]}]}
