---
source: src/render.rs
expression: "str::from_utf8(&string).unwrap()"
---
https://foo.com/
	a 
		200 OK	https://foo.com/	0 ms
		ERROR	foo
